ðŸŒŸ This was machine generated.  Do not edit. ðŸŒŸ

Frame[0] 
Name: test
Dimensions: 2 Fields by 10 Rows
+-----------------------------------------+--------------------+
| Name: time                              | Name: Hello        |
| Labels:                                 | Labels:            |
| Type: []time.Time                       | Type: []float64    |
+-----------------------------------------+--------------------+
| 1969-12-31 16:00:00 -0800 PST           | 0                  |
| 1969-12-31 16:00:02.222222222 -0800 PST | 1.3962634014558373 |
| 1969-12-31 16:00:04.444444444 -0800 PST | 2.7925268029116745 |
| 1969-12-31 16:00:06.666666666 -0800 PST | 4.188790204367511  |
| 1969-12-31 16:00:08.888888888 -0800 PST | 5.585053605823349  |
| 1969-12-31 16:00:11.11111111 -0800 PST  | 0.6981317000996001 |
| 1969-12-31 16:00:13.333333332 -0800 PST | 2.0943951015554374 |
| 1969-12-31 16:00:15.555555554 -0800 PST | 3.4906585030112747 |
| 1969-12-31 16:00:17.777777776 -0800 PST | 4.886921904467112  |
| 1969-12-31 16:00:19.999999998 -0800 PST | 6.283185305922949  |
+-----------------------------------------+--------------------+


====== TEST DATA RESPONSE (arrow base64) ======
FRAME=QVJST1cxAAD/////aAEAABAAAAAAAAoADgAMAAsABAAKAAAAFAAAAAAAAAEDAAoADAAAAAgABAAKAAAACAAAAFQAAAACAAAAKAAAAAQAAAAk////CAAAAAwAAAAAAAAAAAAAAAUAAAByZWZJZAAAAET///8IAAAAEAAAAAQAAAB0ZXN0AAAAAAQAAABuYW1lAAAAAAIAAAB0AAAABAAAAKb///8UAAAAPAAAADwAAAAAAAADPAAAAAEAAAAEAAAAlP///wgAAAAQAAAABQAAAEhlbGxvAAAABAAAAG5hbWUAAAAAAAAAAIr///8AAAIABQAAAEhlbGxvABIAGAAUAAAAEwAMAAAACAAEABIAAAAUAAAARAAAAEwAAAAAAAAKTAAAAAEAAAAMAAAACAAMAAgABAAIAAAACAAAABAAAAAEAAAAdGltZQAAAAAEAAAAbmFtZQAAAAAAAAAAAAAGAAgABgAGAAAAAAADAAQAAAB0aW1lAAAAAP////+4AAAAFAAAAAAAAAAMABYAFAATAAwABAAMAAAAoAAAAAAAAAAUAAAAAAAAAwMACgAYAAwACAAEAAoAAAAUAAAAWAAAAAoAAAAAAAAAAAAAAAQAAAAAAAAAAAAAAAAAAAAAAAAAAAAAAAAAAABQAAAAAAAAAFAAAAAAAAAAAAAAAAAAAABQAAAAAAAAAFAAAAAAAAAAAAAAAAIAAAAKAAAAAAAAAAAAAAAAAAAACgAAAAAAAAAAAAAAAAAAAAAAAAAAAAAAjmt0hAAAAAAc1+gIAQAAAKpCXY0BAAAAOK7REQIAAADGGUaWAgAAAFSFuhoDAAAA4vAunwMAAABwXKMjBAAAAP7HF6gEAAAAAAAAAAAAAAAyrN1KGFf2PzKs3UoYVwZAJUEmOFLBEEAyrN1KGFcWQDRRh0oYV+Y/ZqoQOFLBAEB/gH9d3uwLQEwrd0E1jBNAWJYuVPshGUAQAAAADAAUABIADAAIAAQADAAAABAAAAAsAAAAPAAAAAAAAwABAAAAeAEAAAAAAADAAAAAAAAAAKAAAAAAAAAAAAAAAAAAAAAAAAAAAAAKAAwAAAAIAAQACgAAAAgAAABUAAAAAgAAACgAAAAEAAAAJP///wgAAAAMAAAAAAAAAAAAAAAFAAAAcmVmSWQAAABE////CAAAABAAAAAEAAAAdGVzdAAAAAAEAAAAbmFtZQAAAAACAAAAdAAAAAQAAACm////FAAAADwAAAA8AAAAAAAAAzwAAAABAAAABAAAAJT///8IAAAAEAAAAAUAAABIZWxsbwAAAAQAAABuYW1lAAAAAAAAAACK////AAACAAUAAABIZWxsbwASABgAFAAAABMADAAAAAgABAASAAAAFAAAAEQAAABMAAAAAAAACkwAAAABAAAADAAAAAgADAAIAAQACAAAAAgAAAAQAAAABAAAAHRpbWUAAAAABAAAAG5hbWUAAAAAAAAAAAAABgAIAAYABgAAAAAAAwAEAAAAdGltZQAAAACYAQAAQVJST1cx
