ðŸŒŸ This was machine generated.  Do not edit. ðŸŒŸ

Frame[0] {
    "custom": {
        "streamKey": "signal/stream"
    }
}
Name: stream
Dimensions: 8 Fields by 1 Rows
+-------------------------------+-----------------+-----------------+-----------------+--------------------+-----------------+----------------------+------------------+
| Name: Time                    | Name: offset    | Name: scale     | Name: calc      | Name: Main control | Name: Operation | Name: Mode selection | Name: ESS Alarms |
| Labels:                       | Labels:         | Labels:         | Labels:         | Labels:            | Labels:         | Labels:              | Labels:          |
| Type: []time.Time             | Type: []float64 | Type: []float64 | Type: []float64 | Type: []float64    | Type: []float64 | Type: []float64      | Type: []float64  |
+-------------------------------+-----------------+-----------------+-----------------+--------------------+-----------------+----------------------+------------------+
| 0001-01-01 00:00:00 +0000 UTC | 0               | 0               | 0               | 0                  | 0               | 0                    | 0                |
+-------------------------------+-----------------+-----------------+-----------------+--------------------+-----------------+----------------------+------------------+


====== TEST DATA RESPONSE (arrow base64) ======
FRAME=QVJST1cxAAD/////KAgAABAAAAAAAAoADgAMAAsABAAKAAAAFAAAAAAAAAEDAAoADAAAAAgABAAKAAAACAAAAKAAAAADAAAAUAAAACgAAAAEAAAAaPj//wgAAAAMAAAAAAAAAAAAAAAFAAAAcmVmSWQAAACI+P//CAAAABAAAAAGAAAAc3RyZWFtAAAEAAAAbmFtZQAAAACs+P//CAAAADQAAAAoAAAAeyJjdXN0b20iOnsic3RyZWFtS2V5Ijoic2lnbmFsL3N0cmVhbSJ9fQAAAAAEAAAAbWV0YQAAAAAIAAAA6AYAADAGAACEBQAAAAUAAJQDAAAoAgAA1AAAAAQAAABK+f//FAAAAKgAAACoAAAAAAAAA6gAAAACAAAAMAAAAAQAAAA8+f//CAAAABQAAAAKAAAARVNTIEFsYXJtcwAABAAAAG5hbWUAAAAAZPn//wgAAABQAAAARgAAAHsicGF0aCI6ImJ1c0luZm9fYnVzQWxhcm1faTMyRVNTQWxhcm0iLCJkZXNjcmlwdGlvbiI6IkFsbCB0aGUgYWxhcm1zIn0AAAYAAABjb25maWcAAAAAAACa+f//AAACAAoAAABFU1MgQWxhcm1zAAAW+v//FAAAACgBAAAoAQAAAAAAAygBAAACAAAANAAAAAQAAAAI+v//CAAAABgAAAAOAAAATW9kZSBzZWxlY3Rpb24AAAQAAABuYW1lAAAAADT6//8IAAAAzAAAAMIAAAB7InBhdGgiOiJFTVNfUFhfUExDLm1haW5jb250cm9sLmJ1c0dlbk9wZXJfaTMyTW9kZVNlbGVjdGlvbldheSIsImRlc2NyaXB0aW9uIjoid3JpdGUgMSB0byBBZCBob2MsMiB0byBmb2xsb3cgU2NoZWR1bGUiLCJtYXBwaW5ncyI6W3sidGV4dCI6IkFkIGhvYyIsInZhbHVlIjoiMSJ9LHsidGV4dCI6IlNjaGVkdWxlIiwidmFsdWUiOiIyIn1dfQAABgAAAGNvbmZpZwAAAAAAAOb6//8AAAIADgAAAE1vZGUgc2VsZWN0aW9uAABm+///FAAAAEQBAABEAQAAAAAAA0QBAAACAAAAMAAAAAQAAABY+///CAAAABQAAAAJAAAAT3BlcmF0aW9uAAAABAAAAG5hbWUAAAAAgPv//wgAAADsAAAA4wAAAHsicGF0aCI6IkVNU19QWF9QTEMubWFpbmNvbnRyb2wuYnVzR2VuT3Blcl91MTZTZXRPcGVyYXRpb24iLCJkZXNjcmlwdGlvbiI6IndyaXRlIDEgdG8gUnVuLDIgdG8gZ28gdG8gU3RhbmRieSwzIHRvIGdvIHRvIFNsZWVwIiwibWFwcGluZ3MiOlt7InRleHQiOiJSdW4iLCJ2YWx1ZSI6IjEifSx7InRleHQiOiJTdGFuZGJ5IiwidmFsdWUiOiIyIn0seyJ0ZXh0IjoiU2xlZXAiLCJ2YWx1ZSI6IjMifV19AAYAAABjb25maWcAAAAAAABS/P//AAACAAkAAABPcGVyYXRpb24AAADO/P//FAAAAEABAABAAQAAAAAAA0ABAAACAAAANAAAAAQAAADA/P//CAAAABgAAAAMAAAATWFpbiBjb250cm9sAAAAAAQAAABuYW1lAAAAAOz8//8IAAAA5AAAANoAAAB7InBhdGgiOiJFTVNfUFhfUExDLm1haW5jb250cm9sLmJ1c0dlbk9wZXJfYkVTU09uIiwiZGVzY3JpcHRpb24iOiJ0dXJuIG9uL29mZiBzeXN0ZW0uIHdyaXRlIDEgdG8gdHVybiBvbiB0aGUgc3lzdGVtIGFuZCB3cml0ZSAwIHRvIHR1cm4gb2ZmIHRoZSBzeXN0ZW0iLCJtYXBwaW5ncyI6W3sidGV4dCI6Ik9GRiIsInZhbHVlIjoiMCJ9LHsidGV4dCI6Ik9OIiwidmFsdWUiOiIxIn1dfQAABgAAAGNvbmZpZwAAAAAAALb9//8AAAIADAAAAE1haW4gY29udHJvbAAAAAA2/v//FAAAAGAAAABgAAAAAAAAA2AAAAACAAAALAAAAAQAAAAo/v//CAAAABAAAAAEAAAAY2FsYwAAAAAEAAAAbmFtZQAAAABM/v//CAAAAAwAAAACAAAAe30AAAYAAABjb25maWcAAAAAAAA+/v//AAACAAQAAABjYWxjAAAAALb+//8UAAAAiAAAAIgAAAAAAAADiAAAAAIAAAAsAAAABAAAAKj+//8IAAAAEAAAAAUAAABzY2FsZQAAAAQAAABuYW1lAAAAAMz+//8IAAAANAAAACgAAAB7ImRlc2NyaXB0aW9uIjoic2luZSB3YXZlIHNjYWxlIGZhY3RvciJ9AAAAAAYAAABjb25maWcAAAAAAADm/v//AAACAAUAAABzY2FsZQAAAF7///8UAAAAgAAAAIAAAAAAAAADgAAAAAIAAAAsAAAABAAAAFD///8IAAAAEAAAAAYAAABvZmZzZXQAAAQAAABuYW1lAAAAAHT///8IAAAALAAAACIAAAB7ImRlc2NyaXB0aW9uIjoic2luZSB3YXZlIG9mZnNldCJ9AAAGAAAAY29uZmlnAAAAAAAAhv///wAAAgAGAAAAb2Zmc2V0AAAAABIAGAAUAAAAEwAMAAAACAAEABIAAAAUAAAARAAAAEwAAAAAAAAKTAAAAAEAAAAMAAAACAAMAAgABAAIAAAACAAAABAAAAAEAAAAVGltZQAAAAAEAAAAbmFtZQAAAAAAAAAAAAAGAAgABgAGAAAAAAADAAQAAABUaW1lAAAAAP/////YAQAAFAAAAAAAAAAMABYAFAATAAwABAAMAAAAQAAAAAAAAAAUAAAAAAAAAwMACgAYAAwACAAEAAoAAAAUAAAAGAEAAAEAAAAAAAAAAAAAABAAAAAAAAAAAAAAAAAAAAAAAAAAAAAAAAAAAAAIAAAAAAAAAAgAAAAAAAAAAAAAAAAAAAAIAAAAAAAAAAgAAAAAAAAAEAAAAAAAAAAAAAAAAAAAABAAAAAAAAAACAAAAAAAAAAYAAAAAAAAAAAAAAAAAAAAGAAAAAAAAAAIAAAAAAAAACAAAAAAAAAAAAAAAAAAAAAgAAAAAAAAAAgAAAAAAAAAKAAAAAAAAAAAAAAAAAAAACgAAAAAAAAACAAAAAAAAAAwAAAAAAAAAAAAAAAAAAAAMAAAAAAAAAAIAAAAAAAAADgAAAAAAAAAAAAAAAAAAAA4AAAAAAAAAAgAAAAAAAAAAAAAAAgAAAABAAAAAAAAAAAAAAAAAAAAAQAAAAAAAAAAAAAAAAAAAAEAAAAAAAAAAAAAAAAAAAABAAAAAAAAAAAAAAAAAAAAAQAAAAAAAAAAAAAAAAAAAAEAAAAAAAAAAAAAAAAAAAABAAAAAAAAAAAAAAAAAAAAAQAAAAAAAAAAAAAAAAAAAAAAGj3rA7KhAAAAAAAAAAAAAAAAAAAAAAAAAAAAAAAAAAAAAAAAAAAAAAAAAAAAAAAAAAAAAAAAAAAAAAAAAAAQAAAADAAUABIADAAIAAQADAAAABAAAAAsAAAAPAAAAAAAAwABAAAAOAgAAAAAAADgAQAAAAAAAEAAAAAAAAAAAAAAAAAAAAAAAAAAAAAKAAwAAAAIAAQACgAAAAgAAACgAAAAAwAAAFAAAAAoAAAABAAAAGj4//8IAAAADAAAAAAAAAAAAAAABQAAAHJlZklkAAAAiPj//wgAAAAQAAAABgAAAHN0cmVhbQAABAAAAG5hbWUAAAAArPj//wgAAAA0AAAAKAAAAHsiY3VzdG9tIjp7InN0cmVhbUtleSI6InNpZ25hbC9zdHJlYW0ifX0AAAAABAAAAG1ldGEAAAAACAAAAOgGAAAwBgAAhAUAAAAFAACUAwAAKAIAANQAAAAEAAAASvn//xQAAACoAAAAqAAAAAAAAAOoAAAAAgAAADAAAAAEAAAAPPn//wgAAAAUAAAACgAAAEVTUyBBbGFybXMAAAQAAABuYW1lAAAAAGT5//8IAAAAUAAAAEYAAAB7InBhdGgiOiJidXNJbmZvX2J1c0FsYXJtX2kzMkVTU0FsYXJtIiwiZGVzY3JpcHRpb24iOiJBbGwgdGhlIGFsYXJtcyJ9AAAGAAAAY29uZmlnAAAAAAAAmvn//wAAAgAKAAAARVNTIEFsYXJtcwAAFvr//xQAAAAoAQAAKAEAAAAAAAMoAQAAAgAAADQAAAAEAAAACPr//wgAAAAYAAAADgAAAE1vZGUgc2VsZWN0aW9uAAAEAAAAbmFtZQAAAAA0+v//CAAAAMwAAADCAAAAeyJwYXRoIjoiRU1TX1BYX1BMQy5tYWluY29udHJvbC5idXNHZW5PcGVyX2kzMk1vZGVTZWxlY3Rpb25XYXkiLCJkZXNjcmlwdGlvbiI6IndyaXRlIDEgdG8gQWQgaG9jLDIgdG8gZm9sbG93IFNjaGVkdWxlIiwibWFwcGluZ3MiOlt7InRleHQiOiJBZCBob2MiLCJ2YWx1ZSI6IjEifSx7InRleHQiOiJTY2hlZHVsZSIsInZhbHVlIjoiMiJ9XX0AAAYAAABjb25maWcAAAAAAADm+v//AAACAA4AAABNb2RlIHNlbGVjdGlvbgAAZvv//xQAAABEAQAARAEAAAAAAANEAQAAAgAAADAAAAAEAAAAWPv//wgAAAAUAAAACQAAAE9wZXJhdGlvbgAAAAQAAABuYW1lAAAAAID7//8IAAAA7AAAAOMAAAB7InBhdGgiOiJFTVNfUFhfUExDLm1haW5jb250cm9sLmJ1c0dlbk9wZXJfdTE2U2V0T3BlcmF0aW9uIiwiZGVzY3JpcHRpb24iOiJ3cml0ZSAxIHRvIFJ1biwyIHRvIGdvIHRvIFN0YW5kYnksMyB0byBnbyB0byBTbGVlcCIsIm1hcHBpbmdzIjpbeyJ0ZXh0IjoiUnVuIiwidmFsdWUiOiIxIn0seyJ0ZXh0IjoiU3RhbmRieSIsInZhbHVlIjoiMiJ9LHsidGV4dCI6IlNsZWVwIiwidmFsdWUiOiIzIn1dfQAGAAAAY29uZmlnAAAAAAAAUvz//wAAAgAJAAAAT3BlcmF0aW9uAAAAzvz//xQAAABAAQAAQAEAAAAAAANAAQAAAgAAADQAAAAEAAAAwPz//wgAAAAYAAAADAAAAE1haW4gY29udHJvbAAAAAAEAAAAbmFtZQAAAADs/P//CAAAAOQAAADaAAAAeyJwYXRoIjoiRU1TX1BYX1BMQy5tYWluY29udHJvbC5idXNHZW5PcGVyX2JFU1NPbiIsImRlc2NyaXB0aW9uIjoidHVybiBvbi9vZmYgc3lzdGVtLiB3cml0ZSAxIHRvIHR1cm4gb24gdGhlIHN5c3RlbSBhbmQgd3JpdGUgMCB0byB0dXJuIG9mZiB0aGUgc3lzdGVtIiwibWFwcGluZ3MiOlt7InRleHQiOiJPRkYiLCJ2YWx1ZSI6IjAifSx7InRleHQiOiJPTiIsInZhbHVlIjoiMSJ9XX0AAAYAAABjb25maWcAAAAAAAC2/f//AAACAAwAAABNYWluIGNvbnRyb2wAAAAANv7//xQAAABgAAAAYAAAAAAAAANgAAAAAgAAACwAAAAEAAAAKP7//wgAAAAQAAAABAAAAGNhbGMAAAAABAAAAG5hbWUAAAAATP7//wgAAAAMAAAAAgAAAHt9AAAGAAAAY29uZmlnAAAAAAAAPv7//wAAAgAEAAAAY2FsYwAAAAC2/v//FAAAAIgAAACIAAAAAAAAA4gAAAACAAAALAAAAAQAAACo/v//CAAAABAAAAAFAAAAc2NhbGUAAAAEAAAAbmFtZQAAAADM/v//CAAAADQAAAAoAAAAeyJkZXNjcmlwdGlvbiI6InNpbmUgd2F2ZSBzY2FsZSBmYWN0b3IifQAAAAAGAAAAY29uZmlnAAAAAAAA5v7//wAAAgAFAAAAc2NhbGUAAABe////FAAAAIAAAACAAAAAAAAAA4AAAAACAAAALAAAAAQAAABQ////CAAAABAAAAAGAAAAb2Zmc2V0AAAEAAAAbmFtZQAAAAB0////CAAAACwAAAAiAAAAeyJkZXNjcmlwdGlvbiI6InNpbmUgd2F2ZSBvZmZzZXQifQAABgAAAGNvbmZpZwAAAAAAAIb///8AAAIABgAAAG9mZnNldAAAAAASABgAFAAAABMADAAAAAgABAASAAAAFAAAAEQAAABMAAAAAAAACkwAAAABAAAADAAAAAgADAAIAAQACAAAAAgAAAAQAAAABAAAAFRpbWUAAAAABAAAAG5hbWUAAAAAAAAAAAAABgAIAAYABgAAAAAAAwAEAAAAVGltZQAAAABYCAAAQVJST1cx
